-------------------------------------------------------------------------------------------------------------------------
      name:  <unnamed>
       log:  N:\Documents\GitHub\mimix\mimix_error_msgInterimMAR.log
  log type:  text
 opened on:  11 Jan 2021, 12:28:52

. 
end of do-file

. do "C:\Users\rmjlkm0\AppData\Local\Temp\STD34f4_000000.tmp"

. use "N:\Documents\asthma.dta", clear

. 
end of do-file

. do "C:\Users\rmjlkm0\AppData\Local\Temp\STD34f4_000000.tmp"

. mimix fev treat, id(id) time(time) method(J2R) interim(MAR) refgroup(3)  covariates(base)   clear m(1000)  seed(54321)
Performing imputation procedure for group 1 of 2...
Performing imputation procedure for group 2 of 2...

Imputed dataset now loaded in memory
Imputed data created in variable fev using J2R
Interim missing data imputed using MAR

. 
end of do-file

. do "C:\Users\rmjlkm0\AppData\Local\Temp\STD34f4_000000.tmp"

.  mi estimate , mcerror: regress fev treat  base  if time ==12 

Multiple-imputation estimates                   Imputations       =      1,000
Linear regression                               Number of obs     =        183
                                                Average RVI       =     0.6751
                                                Largest FMI       =     0.4818
                                                Complete DF       =        180
DF adjustment:   Small sample                   DF:     min       =      91.29
                                                        avg       =     107.40
                                                        max       =     132.46
Model F test:       Equal FMI                   F(   2,  173.7)   =      52.33
Within VCE type:          OLS                   Prob > F          =     0.0000

------------------------------------------------------------------------------
         fev |      Coef.   Std. Err.      t    P>|t|     [95% Conf. Interval]
-------------+----------------------------------------------------------------
       treat |   .1159765   .1025032     1.13   0.261    -.0874263    .3193792
             |   .0021404   .0010194     0.03   0.011     .0031827    .0027619
             |
        base |   .7920096    .072233    10.96   0.000     .6491302     .934889
             |    .001141     .00041     0.07   0.000     .0014552    .0013597
             |
       _cons |   .2292225   .3232517     0.71   0.480      -.41285    .8712951
             |   .0070518   .0035462     0.02   0.014     .0093901    .0107647
------------------------------------------------------------------------------
Note: Values displayed beneath estimates are Monte Carlo error estimates.

. 
end of do-file

. do "C:\Users\rmjlkm0\AppData\Local\Temp\STD34f4_000000.tmp"

. gen fev2=.
(732,732 missing values generated)

. gen fev4 =.
(732,732 missing values generated)

. gen fev8=.
(732,732 missing values generated)

. gen fev12=.
(732,732 missing values generated)

. replace fev2=fev if time==2 
(183,181 real changes made)

. replace fev4=fev if time==4
(183,163 real changes made)

. replace fev8=fev if time==8 
(183,131 real changes made)

. replace fev12=fev if time==12   
(183,110 real changes made)

. * interims
. preserve

. keep if id==5051 & _mi_m >0
(728,732 observations deleted)

. univar fev2 fev4 fev8 fev12 , dec(3)
                                        -------------- Quantiles --------------
Variable       n     Mean     S.D.      Min      .25      Mdn      .75      Max
-------------------------------------------------------------------------------
    fev2    1000    1.279    0.413   -0.171    0.992    1.273    1.556    2.423
    fev4    1000    1.170    0.000    1.170    1.170    1.170    1.170    1.170
    fev8    1000    1.273    0.471   -0.802    0.976    1.267    1.583    3.078
   fev12    1000    1.562    0.403    0.235    1.299    1.551    1.812    2.994
-------------------------------------------------------------------------------

. restore

. preserve

. keep if id==5115 & _mi_m >0
(728,732 observations deleted)

. univar fev2 fev4 fev8 fev12 , dec(3)
                                        -------------- Quantiles --------------
Variable       n     Mean     S.D.      Min      .25      Mdn      .75      Max
-------------------------------------------------------------------------------
    fev2    1000    2.100    0.000    2.100    2.100    2.100    2.100    2.100
    fev4    1000    2.570    0.000    2.570    2.570    2.570    2.570    2.570
    fev8    1000    2.458    0.276    1.550    2.272    2.454    2.636    3.410
   fev12    1000    2.400    0.000    2.400    2.400    2.400    2.400    2.400
-------------------------------------------------------------------------------

. restore

. preserve

. keep if id==5333 & _mi_m >0
(728,732 observations deleted)

. univar fev2 fev4 fev8 fev12 , dec(3)
                                        -------------- Quantiles --------------
Variable       n     Mean     S.D.      Min      .25      Mdn      .75      Max
-------------------------------------------------------------------------------
    fev2    1000    1.645    0.247    0.793    1.481    1.646    1.804    2.534
    fev4    1000    1.658    0.391    0.297    1.408    1.644    1.918    2.991
    fev8    1000    1.628    0.384    0.268    1.367    1.622    1.885    2.748
   fev12    1000    1.770    0.000    1.770    1.770    1.770    1.770    1.770
-------------------------------------------------------------------------------

. restore

. preserve

. keep if id==5017 & _mi_m >0
(728,732 observations deleted)

. univar fev2 fev4 fev8 fev12 , dec(3)
                                        -------------- Quantiles --------------
Variable       n     Mean     S.D.      Min      .25      Mdn      .75      Max
-------------------------------------------------------------------------------
    fev2    1000    1.860    0.000    1.860    1.860    1.860    1.860    1.860
    fev4    1000    2.145    0.373    1.069    1.879    2.142    2.394    3.460
    fev8    1000    2.140    0.409    0.841    1.869    2.150    2.415    3.245
   fev12    1000    2.120    0.395    0.665    1.882    2.118    2.371    3.253
-------------------------------------------------------------------------------

. restore

. preserve

. keep if id==5059 & _mi_m >0
(728,732 observations deleted)

. univar fev2 fev4 fev8 fev12 , dec(3)
                                        -------------- Quantiles --------------
Variable       n     Mean     S.D.      Min      .25      Mdn      .75      Max
-------------------------------------------------------------------------------
    fev2    1000    2.180    0.000    2.180    2.180    2.180    2.180    2.180
    fev4    1000    2.663    0.364    1.535    2.429    2.654    2.911    3.889
    fev8    1000    2.556    0.414    1.279    2.296    2.556    2.837    3.923
   fev12    1000    2.459    0.401    1.236    2.188    2.465    2.724    4.043
-------------------------------------------------------------------------------

. restore

. preserve

. keep if id==5044 & _mi_m >0
(728,732 observations deleted)

. univar fev2 fev4 fev8 fev12 , dec(3)
                                        -------------- Quantiles --------------
Variable       n     Mean     S.D.      Min      .25      Mdn      .75      Max
-------------------------------------------------------------------------------
    fev2    1000    2.230    0.000    2.230    2.230    2.230    2.230    2.230
    fev4    1000    1.650    0.000    1.650    1.650    1.650    1.650    1.650
    fev8    1000    2.221    0.362    0.815    1.980    2.230    2.465    3.327
   fev12    1000    2.262    0.372    0.659    2.030    2.266    2.496    3.356
-------------------------------------------------------------------------------

. restore

. 
end of do-file

. do "C:\Users\rmjlkm0\AppData\Local\Temp\STD34f4_000000.tmp"

. use "N:\Documents\asthma.dta", clear

. 
end of do-file

. do "C:\Users\rmjlkm0\AppData\Local\Temp\STD34f4_000000.tmp"

. mimix fev treat, id(id) time(time) method(CIR) interim(MAR) refgroup(3)  covariates(base)   clear m(1000)  seed(54321)
Performing imputation procedure for group 1 of 2...
Performing imputation procedure for group 2 of 2...

Imputed dataset now loaded in memory
Imputed data created in variable fev using CIR
Interim missing data imputed using MAR

. 
end of do-file

. do "C:\Users\rmjlkm0\AppData\Local\Temp\STD34f4_000000.tmp"

.  mi estimate , mcerror: regress fev treat  base  if time ==12 

Multiple-imputation estimates                   Imputations       =      1,000
Linear regression                               Number of obs     =        183
                                                Average RVI       =     0.2908
                                                Largest FMI       =     0.2501
                                                Complete DF       =        180
DF adjustment:   Small sample                   DF:     min       =     132.93
                                                        avg       =     137.97
                                                        max       =     146.73
Model F test:       Equal FMI                   F(   2,  176.2)   =      68.76
Within VCE type:          OLS                   Prob > F          =     0.0000

------------------------------------------------------------------------------
         fev |      Coef.   Std. Err.      t    P>|t|     [95% Conf. Interval]
-------------+----------------------------------------------------------------
       treat |   .2759329   .0845557     3.26   0.001     .1088285    .4430373
             |   .0011091   .0003708     0.02   0.000     .0012877    .0013816
             |
        base |   .7942767    .072095    11.02   0.000     .6516749    .9368785
             |    .001133   .0003974     0.06   0.000     .0014311    .0013415
             |
       _cons |  -.2553026    .268258    -0.95   0.343     -.785861    .2752559
             |   .0041539   .0015393     0.02   0.008     .0051814    .0051824
------------------------------------------------------------------------------
Note: Values displayed beneath estimates are Monte Carlo error estimates.

. 
end of do-file

. do "C:\Users\rmjlkm0\AppData\Local\Temp\STD34f4_000000.tmp"

. gen fev2=.
(732,732 missing values generated)

. gen fev4 =.
(732,732 missing values generated)

. gen fev8=.
(732,732 missing values generated)

. gen fev12=.
(732,732 missing values generated)

. replace fev2=fev if time==2 
(183,181 real changes made)

. replace fev4=fev if time==4
(183,163 real changes made)

. replace fev8=fev if time==8 
(183,131 real changes made)

. replace fev12=fev if time==12   
(183,110 real changes made)

. * interims
. preserve

. keep if id==5051 & _mi_m >0
(728,732 observations deleted)

. univar fev2 fev4 fev8 fev12 , dec(3)
                                        -------------- Quantiles --------------
Variable       n     Mean     S.D.      Min      .25      Mdn      .75      Max
-------------------------------------------------------------------------------
    fev2    1000    1.279    0.413   -0.171    0.992    1.273    1.556    2.423
    fev4    1000    1.170    0.000    1.170    1.170    1.170    1.170    1.170
    fev8    1000    1.273    0.471   -0.802    0.976    1.267    1.583    3.078
   fev12    1000    1.278    0.392   -0.066    1.021    1.267    1.542    2.740
-------------------------------------------------------------------------------

. restore

. preserve

. keep if id==5115 & _mi_m >0
(728,732 observations deleted)

. univar fev2 fev4 fev8 fev12 , dec(3)
                                        -------------- Quantiles --------------
Variable       n     Mean     S.D.      Min      .25      Mdn      .75      Max
-------------------------------------------------------------------------------
    fev2    1000    2.100    0.000    2.100    2.100    2.100    2.100    2.100
    fev4    1000    2.570    0.000    2.570    2.570    2.570    2.570    2.570
    fev8    1000    2.458    0.276    1.550    2.272    2.454    2.636    3.410
   fev12    1000    2.400    0.000    2.400    2.400    2.400    2.400    2.400
-------------------------------------------------------------------------------

. restore

. preserve

. keep if id==5333 & _mi_m >0
(728,732 observations deleted)

. univar fev2 fev4 fev8 fev12 , dec(3)
                                        -------------- Quantiles --------------
Variable       n     Mean     S.D.      Min      .25      Mdn      .75      Max
-------------------------------------------------------------------------------
    fev2    1000    1.645    0.247    0.793    1.481    1.646    1.804    2.534
    fev4    1000    1.658    0.391    0.297    1.408    1.644    1.918    2.991
    fev8    1000    1.628    0.384    0.268    1.367    1.622    1.885    2.748
   fev12    1000    1.770    0.000    1.770    1.770    1.770    1.770    1.770
-------------------------------------------------------------------------------

. restore

. preserve

. keep if id==5017 & _mi_m >0
(728,732 observations deleted)

. univar fev2 fev4 fev8 fev12 , dec(3)
                                        -------------- Quantiles --------------
Variable       n     Mean     S.D.      Min      .25      Mdn      .75      Max
-------------------------------------------------------------------------------
    fev2    1000    1.860    0.000    1.860    1.860    1.860    1.860    1.860
    fev4    1000    1.934    0.366    0.797    1.684    1.915    2.176    3.359
    fev8    1000    1.930    0.398    0.674    1.652    1.920    2.210    3.033
   fev12    1000    1.910    0.384    0.542    1.672    1.911    2.161    3.093
-------------------------------------------------------------------------------

. restore

. preserve

. keep if id==5059 & _mi_m >0
(728,732 observations deleted)

. univar fev2 fev4 fev8 fev12 , dec(3)
                                        -------------- Quantiles --------------
Variable       n     Mean     S.D.      Min      .25      Mdn      .75      Max
-------------------------------------------------------------------------------
    fev2    1000    2.180    0.000    2.180    2.180    2.180    2.180    2.180
    fev4    1000    2.453    0.353    1.406    2.222    2.457    2.690    3.549
    fev8    1000    2.346    0.401    1.023    2.097    2.357    2.628    3.537
   fev12    1000    2.249    0.394    0.902    1.987    2.259    2.516    3.588
-------------------------------------------------------------------------------

. restore

. preserve

. keep if id==5044 & _mi_m >0
(728,732 observations deleted)

. univar fev2 fev4 fev8 fev12 , dec(3)
                                        -------------- Quantiles --------------
Variable       n     Mean     S.D.      Min      .25      Mdn      .75      Max
-------------------------------------------------------------------------------
    fev2    1000    2.230    0.000    2.230    2.230    2.230    2.230    2.230
    fev4    1000    1.650    0.000    1.650    1.650    1.650    1.650    1.650
    fev8    1000    1.937    0.347    0.557    1.711    1.957    2.177    3.006
   fev12    1000    1.978    0.365    0.309    1.741    1.978    2.214    3.028
-------------------------------------------------------------------------------

. restore

. 
end of do-file

. do "C:\Users\rmjlkm0\AppData\Local\Temp\STD34f4_000000.tmp"

. use "N:\Documents\asthma.dta", clear

. 
. * compare with r resultstest
. mimix fev treat, id(id) time(time) method(CR) interim(MAR) refgroup(3)  covariates(base)   clear m(1000)  seed(54321)
Performing imputation procedure for group 1 of 2...
Performing imputation procedure for group 2 of 2...

Imputed dataset now loaded in memory
Imputed data created in variable fev using CR
Interim missing data imputed using MAR

. 
.  mi estimate , mcerror: regress fev treat  base  if time ==12 

Multiple-imputation estimates                   Imputations       =      1,000
Linear regression                               Number of obs     =        183
                                                Average RVI       =     0.3361
                                                Largest FMI       =     0.2519
                                                Complete DF       =        180
DF adjustment:   Small sample                   DF:     min       =     132.60
                                                        avg       =     136.10
                                                        max       =     142.75
Model F test:       Equal FMI                   F(   2,  176.1)   =      67.17
Within VCE type:          OLS                   Prob > F          =     0.0000

------------------------------------------------------------------------------
         fev |      Coef.   Std. Err.      t    P>|t|     [95% Conf. Interval]
-------------+----------------------------------------------------------------
       treat |   .2501289   .0854253     2.93   0.004     .0812668    .4189909
             |   .0011888   .0004004     0.02   0.000     .0013711    .0014966
             |
        base |   .7928465   .0718701    11.03   0.000     .6506897    .9350032
             |   .0011291   .0003984     0.06   0.000     .0014294    .0013389
             |
       _cons |  -.1749533   .2690485    -0.65   0.517    -.7071355     .357229
             |   .0042435   .0015813     0.02   0.010     .0054381    .0051683
------------------------------------------------------------------------------
Note: Values displayed beneath estimates are Monte Carlo error estimates.

. 
. gen fev2=.
(732,732 missing values generated)

. gen fev4 =.
(732,732 missing values generated)

. gen fev8=.
(732,732 missing values generated)

. gen fev12=.
(732,732 missing values generated)

. replace fev2=fev if time==2 
(183,181 real changes made)

. replace fev4=fev if time==4
(183,163 real changes made)

. replace fev8=fev if time==8 
(183,131 real changes made)

. replace fev12=fev if time==12   
(183,110 real changes made)

. * interims
. preserve

. keep if id==5051 & _mi_m >0
(728,732 observations deleted)

. univar fev2 fev4 fev8 fev12 , dec(3)
                                        -------------- Quantiles --------------
Variable       n     Mean     S.D.      Min      .25      Mdn      .75      Max
-------------------------------------------------------------------------------
    fev2    1000    1.279    0.413   -0.171    0.992    1.273    1.556    2.423
    fev4    1000    1.170    0.000    1.170    1.170    1.170    1.170    1.170
    fev8    1000    1.273    0.471   -0.802    0.976    1.267    1.583    3.078
   fev12    1000    1.365    0.392   -0.012    1.098    1.354    1.619    2.834
-------------------------------------------------------------------------------

. restore

. preserve

. keep if id==5115 & _mi_m >0
(728,732 observations deleted)

. univar fev2 fev4 fev8 fev12 , dec(3)
                                        -------------- Quantiles --------------
Variable       n     Mean     S.D.      Min      .25      Mdn      .75      Max
-------------------------------------------------------------------------------
    fev2    1000    2.100    0.000    2.100    2.100    2.100    2.100    2.100
    fev4    1000    2.570    0.000    2.570    2.570    2.570    2.570    2.570
    fev8    1000    2.458    0.276    1.550    2.272    2.454    2.636    3.410
   fev12    1000    2.400    0.000    2.400    2.400    2.400    2.400    2.400
-------------------------------------------------------------------------------

. restore

. preserve

. keep if id==5333 & _mi_m >0
(728,732 observations deleted)

. univar fev2 fev4 fev8 fev12 , dec(3)
                                        -------------- Quantiles --------------
Variable       n     Mean     S.D.      Min      .25      Mdn      .75      Max
-------------------------------------------------------------------------------
    fev2    1000    1.645    0.247    0.793    1.481    1.646    1.804    2.534
    fev4    1000    1.658    0.391    0.297    1.408    1.644    1.918    2.991
    fev8    1000    1.628    0.384    0.268    1.367    1.622    1.885    2.748
   fev12    1000    1.770    0.000    1.770    1.770    1.770    1.770    1.770
-------------------------------------------------------------------------------

. restore

. preserve

. keep if id==5017 & _mi_m >0
(728,732 observations deleted)

. univar fev2 fev4 fev8 fev12 , dec(3)
                                        -------------- Quantiles --------------
Variable       n     Mean     S.D.      Min      .25      Mdn      .75      Max
-------------------------------------------------------------------------------
    fev2    1000    1.860    0.000    1.860    1.860    1.860    1.860    1.860
    fev4    1000    2.001    0.366    0.820    1.749    1.985    2.241    3.366
    fev8    1000    1.968    0.401    0.668    1.694    1.962    2.244    3.084
   fev12    1000    1.943    0.387    0.614    1.708    1.951    2.200    3.108
-------------------------------------------------------------------------------

. restore

. preserve

. keep if id==5059 & _mi_m >0
(728,732 observations deleted)

. univar fev2 fev4 fev8 fev12 , dec(3)
                                        -------------- Quantiles --------------
Variable       n     Mean     S.D.      Min      .25      Mdn      .75      Max
-------------------------------------------------------------------------------
    fev2    1000    2.180    0.000    2.180    2.180    2.180    2.180    2.180
    fev4    1000    2.520    0.355    1.442    2.284    2.520    2.757    3.629
    fev8    1000    2.383    0.407    1.053    2.123    2.400    2.664    3.592
   fev12    1000    2.281    0.402    0.930    2.018    2.291    2.555    3.687
-------------------------------------------------------------------------------

. restore

. preserve

. keep if id==5044 & _mi_m >0
(728,732 observations deleted)

. univar fev2 fev4 fev8 fev12 , dec(3)
                                        -------------- Quantiles --------------
Variable       n     Mean     S.D.      Min      .25      Mdn      .75      Max
-------------------------------------------------------------------------------
    fev2    1000    2.230    0.000    2.230    2.230    2.230    2.230    2.230
    fev4    1000    1.650    0.000    1.650    1.650    1.650    1.650    1.650
    fev8    1000    1.976    0.350    0.577    1.750    1.992    2.219    3.096
   fev12    1000    2.030    0.368    0.362    1.804    2.027    2.274    3.125
-------------------------------------------------------------------------------

. restore

. 
end of do-file

. do "C:\Users\rmjlkm0\AppData\Local\Temp\STD34f4_000000.tmp"

. 
. log close
      name:  <unnamed>
       log:  N:\Documents\GitHub\mimix\mimix_error_msgInterimMAR.log
  log type:  text
 closed on:  11 Jan 2021, 14:40:21
-------------------------------------------------------------------------------------------------------------------------
